--- DIAGNOSING SPECIFIC USERS ---

Found 0 user(s) matching "RASALA MAHESH":

Found 0 user(s) matching "Chappidi Vinay":

Found 0 user(s) matching "Manoj Kumar":

Found 0 user(s) matching "Suman Tanuku":

Found 0 user(s) matching "Rajinikanth":
